// Jest Snapshot v1, https://goo.gl/fbAQLP

exports[`<App /> matches the snapshot 1`] = `
<React.Fragment>
  <clickOutside(Header) />
  <Routes />
  <Footer />
</React.Fragment>
`;
